// Vitest Snapshot v1, https://vitest.dev/guide/snapshot.html

exports[`DrawerMenu > renders 1`] = `
<DocumentFragment>
  <div
    aria-label="Settings"
    class="_drawer_31bf0e"
    data-platform="other"
    role="menu"
  >
    <div
      class="_body_31bf0e"
    >
      <button
        class="_item_831119 _interactive_831119"
        data-kind="primary"
        role="menuitem"
      >
        <svg
          aria-hidden="true"
          class="_icon_831119"
          fill="currentColor"
          height="24"
          viewBox="0 0 24 24"
          width="24"
          xmlns="http://www.w3.org/2000/svg"
        >
          <path
            d="M9.175 13.825C9.958 14.608 10.9 15 12 15s2.042-.392 2.825-1.175C15.608 13.042 16 12.1 16 11s-.392-2.042-1.175-2.825C14.042 7.392 13.1 7 12 7s-2.042.392-2.825 1.175C8.392 8.958 8 9.9 8 11s.392 2.042 1.175 2.825Zm4.237-1.412A1.926 1.926 0 0 1 12 13c-.55 0-1.02-.196-1.412-.588A1.926 1.926 0 0 1 10 11c0-.55.196-1.02.588-1.412A1.926 1.926 0 0 1 12 9c.55 0 1.02.196 1.412.588.392.391.588.862.588 1.412 0 .55-.196 1.02-.588 1.412Z"
          />
          <path
            d="M22 12c0 5.523-4.477 10-10 10S2 17.523 2 12 6.477 2 12 2s10 4.477 10 10Zm-2 0a8 8 0 1 0-16 0 8 8 0 0 0 16 0Z"
          />
          <path
            d="M16.23 18.792a12.47 12.47 0 0 0-1.455-.455 11.6 11.6 0 0 0-5.55 0c-.487.12-.972.271-1.455.455a8.04 8.04 0 0 1-1.729-1.454c.89-.412 1.794-.729 2.709-.95A13.76 13.76 0 0 1 12 16c1.1 0 2.183.13 3.25.387a14.78 14.78 0 0 1 2.709.95 8.042 8.042 0 0 1-1.73 1.455Z"
          />
        </svg>
        <span
          class="_typography_489030 _font-body-md-medium_489030 _label_831119"
        >
          Profile
        </span>
        <svg
          aria-hidden="true"
          class="_nav-hint_831119"
          fill="currentColor"
          height="24"
          viewBox="8 0 8 24"
          width="8"
          xmlns="http://www.w3.org/2000/svg"
        >
          <path
            d="M8.7 17.3a.948.948 0 0 1-.275-.7.95.95 0 0 1 .275-.7l3.9-3.9-3.9-3.9a.948.948 0 0 1-.275-.7.95.95 0 0 1 .275-.7.948.948 0 0 1 .7-.275.95.95 0 0 1 .7.275l4.6 4.6c.1.1.17.208.213.325.041.117.062.242.062.375s-.02.258-.063.375a.876.876 0 0 1-.212.325l-4.6 4.6a.948.948 0 0 1-.7.275.948.948 0 0 1-.7-.275Z"
          />
        </svg>
      </button>
      <div
        class="_separator_162edc"
        data-kind="primary"
        data-orientation="horizontal"
        role="separator"
      />
      <button
        class="_item_831119 _interactive_831119"
        data-kind="critical"
        role="menuitem"
      >
        <svg
          aria-hidden="true"
          class="_icon_831119"
          fill="currentColor"
          height="24"
          viewBox="0 0 24 24"
          width="24"
          xmlns="http://www.w3.org/2000/svg"
        >
          <path
            d="M14 13c.283 0 .52-.096.713-.287A.968.968 0 0 0 15 12a.968.968 0 0 0-.287-.713A.968.968 0 0 0 14 11a.968.968 0 0 0-.713.287A.968.968 0 0 0 13 12c0 .283.096.52.287.713.192.191.43.287.713.287Z"
          />
          <path
            d="M10.385 21.788A.998.998 0 0 1 10 21V3a1.003 1.003 0 0 1 1.242-.97l8 2A1 1 0 0 1 20 5v14a1 1 0 0 1-.758.97l-8 2a.998.998 0 0 1-.857-.182ZM18 5.781l-6-1.5v15.438l6-1.5V5.781ZM9 6H7v12h2v2H7a2 2 0 0 1-2-2V6a2 2 0 0 1 2-2h2v2Z"
          />
        </svg>
        <span
          class="_typography_489030 _font-body-md-medium_489030 _label_831119"
        >
          Sign out
        </span>
        <svg
          aria-hidden="true"
          class="_nav-hint_831119"
          fill="currentColor"
          height="24"
          viewBox="8 0 8 24"
          width="8"
          xmlns="http://www.w3.org/2000/svg"
        >
          <path
            d="M8.7 17.3a.948.948 0 0 1-.275-.7.95.95 0 0 1 .275-.7l3.9-3.9-3.9-3.9a.948.948 0 0 1-.275-.7.95.95 0 0 1 .275-.7.948.948 0 0 1 .7-.275.95.95 0 0 1 .7.275l4.6 4.6c.1.1.17.208.213.325.041.117.062.242.062.375s-.02.258-.063.375a.876.876 0 0 1-.212.325l-4.6 4.6a.948.948 0 0 1-.7.275.948.948 0 0 1-.7-.275Z"
          />
        </svg>
      </button>
    </div>
  </div>
</DocumentFragment>
`;
