// Vitest Snapshot v1, https://vitest.dev/guide/snapshot.html

exports[`Glass > renders 1`] = `
<DocumentFragment>
  <div
    class="_glass_a755bb"
  >
    <div>
      ooh, shinyâ€¦
    </div>
  </div>
</DocumentFragment>
`;
