// Vitest Snapshot v1, https://vitest.dev/guide/snapshot.html

exports[`Radio > renders 1`] = `
<DocumentFragment>
  <div
    class="_container_5881bc"
  >
    <input
      class="_input_5881bc"
      type="radio"
    />
    <div
      class="_ui_5881bc"
    />
  </div>
</DocumentFragment>
`;
